
exports[`create snapshot 1`] = `
<View
  style={
    Object {
      "marginRight": "1%",
      "marginVertical": "2%",
      "width": "100%",
    }
  }
>
  <View
    style={
      Array [
        Object {
          "alignItems": "center",
          "borderRadius": 20,
          "borderWidth": 1,
          "flexDirection": "row",
          "height": 40,
          "padding": 8,
          "width": "100%",
        },
        Object {
          "borderColor": "black",
        },
      ]
    }
  >
    <View
      style={
        Array [
          Object {
            "marginRight": "2%",
            "padding": 1,
            "width": "8%",
          },
          undefined,
        ]
      }
    >
      <View>
        <View
          style={
            Object {
              "alignItems": "center",
              "backgroundColor": "transparent",
              "justifyContent": "center",
            }
          }
          theme={
            Object {
              "colors": Object {
                "disabled": "hsl(208, 8%, 90%)",
                "divider": "#bcbbc1",
                "error": "#ff190c",
                "grey0": "#393e42",
                "grey1": "#43484d",
                "grey2": "#5e6977",
                "grey3": "#86939e",
                "grey4": "#bdc6cf",
                "grey5": "#e1e8ee",
                "greyOutline": "#bbb",
                "platform": Object {
                  "android": Object {
                    "error": "#f44336",
                    "primary": "#2196f3",
                    "secondary": "#9C27B0",
                    "success": "#4caf50",
                    "warning": "#ffeb3b",
                  },
                  "ios": Object {
                    "error": "#ff3b30",
                    "primary": "#007aff",
                    "secondary": "#5856d6",
                    "success": "#4cd964",
                    "warning": "#ffcc00",
                  },
                },
                "primary": "#2089dc",
                "searchBg": "#303337",
                "secondary": "#8F0CE8",
                "success": "#52c41a",
                "warning": "#faad14",
              },
            }
          }
          underlayColor="white"
        >
          <Text
            allowFontScaling={false}
            style={
              Array [
                Object {
                  "color": "black",
                  "fontSize": 20,
                },
                Object {
                  "backgroundColor": "transparent",
                },
                Object {
                  "fontFamily": "FontAwesome",
                  "fontStyle": "normal",
                  "fontWeight": "normal",
                },
                Object {},
              ]
            }
            testID="iconIcon"
          >
            ï€‡
          </Text>
        </View>
      </View>
    </View>
    <View
      style={
        Array [
          Object {
            "width": "88%",
          },
          undefined,
        ]
      }
    >
      <TextInput
        allowFontScaling={true}
        defaultValue=""
        onBlur={[Function]}
        onChangeText={[Function]}
        onFocus={[Function]}
        placeholder="Add text"
        placeholderTextColor="grey"
        rejectResponderTermination={true}
        secureTextEntry={false}
        style={
          Array [
            Object {
              "color": "black",
              "padding": 2,
            },
            undefined,
          ]
        }
        underlineColorAndroid="transparent"
        value=""
      />
    </View>
    <Text
      style={
        Object {
          "color": "red",
        }
      }
    >
      *
    </Text>
  </View>
</View>
`;
